scons: Reading SConscript files ...
Mkdir("/root/gem5_powmod/build/X86/gem5.build")
Checking for linker -Wl,--as-needed support... (cached) yes
Checking for compiler -gz support... (cached) yes
Checking for linker -gz support... (cached) yes
Info: Using Python config: python3-config
Checking for C header file Python.h... (cached) yes
Checking Python version... (cached) 3.12.3
Checking for accept(0,0,0) in C++ library None... (cached) yes
Checking for zlibVersion() in C++ library z... (cached) yes
Checking for C library tcmalloc_minimal... (cached) yes
Building in /root/gem5_powmod/build/X86
"build_tools/kconfig_base.py" "/root/gem5_powmod/build/X86/gem5.build/Kconfig" "/root/gem5_powmod/src/Kconfig"
Checking size of struct kvm_xsave ... (cached) yes
Checking for shm_open("/test", 0, 0) in C library None... (cached) yes
Checking for C header file capstone/capstone.h... (cached) yes
Checking for C header file linux/kvm.h... (cached) yes
Checking for timer_create(CLOCK_MONOTONIC, NULL, NULL) in C library None... (cached) yes
Checking for member exclude_host in struct perf_event_attr...(cached) yes
Checking for C header file fenv.h... (cached) yes
Checking for C header file png.h... (cached) yes
Checking for clock_nanosleep(0,0,NULL,NULL) in C library None... (cached) yes
Checking for C header file valgrind/valgrind.h... (cached) no
Checking for pkg-config package hdf5-serial... (cached) yes
Checking for H5Fcreate("", 0, 0, 0) in C library hdf5... (cached) yes
Checking for H5::H5File("", 0) in C++ library hdf5_cpp... (cached) yes
Checking for C header file linux/if_tun.h... (cached) yes
Checking for backtrace_symbols_fd((void *)1, 0, 0) in C library None... (cached) yes
Checking for pkg-config package protobuf... (cached) yes
Checking whether __i386__ is declared... (cached) no
Checking whether __x86_64__ is declared... (cached) yes
Checking for compiler -Wno-self-assign-overloaded support... (cached) yes
Checking for linker -Wno-free-nonheap-object support... (cached) yes
BUILD_TLM not set, not building CHI-TLM integration

scons: done reading SConscript files.
scons: Building targets ...
 [     CXX] src/arch/x86/insts/powmod_microop.cc -> X86/arch/x86/insts/powmod_microop.o
 [VER TAGS]  -> X86/sim/tags.cc
 [     CXX] src/base/date.cc -> X86/base/date.o
 [    LINK]  -> X86/gem5.opt
scons: done building targets.
